// Jest Snapshot v1, https://goo.gl/fbAQLP

exports[`SendForm it renders 1`] = `
<form>
  <div
    className="field"
  >
    <label>
      Recipient's name
    </label>
    <input
      name="reciever_name"
      onChange={[Function]}
      placeholder="Recipient's name"
      type="text"
      value={undefined}
    />
  </div>
  <div
    className="field"
  >
    <label>
      Recipient's email
    </label>
    <input
      name="reciever_email"
      onChange={[Function]}
      placeholder="Recipient's email"
      type="text"
      value={undefined}
    />
  </div>
  <div
    className="field"
  >
    <label>
      Amount to send
    </label>
    <input
      name="amount"
      onChange={[Function]}
      placeholder="Amount to send"
      type="number"
      value={undefined}
    />
  </div>
  <button
    onClick={[Function]}
  >
    Send money
  </button>
</form>
`;
